******************************************************************************
            TI ARM Clang Linker PC v4.0.1                      
******************************************************************************
>> Linked Thu Apr  3 18:03:48 2025

OUTPUT FILE NAME:   <ECE319K_Lab2H.out>
ENTRY POINT SYMBOL: "_c_int00_noargs"  address: 000014c5


MEMORY CONFIGURATION

         name            origin    length      used     unused   attr    fill
----------------------  --------  ---------  --------  --------  ----  --------
  FLASH                 00000000   00020000  00001ab0  0001e550  R  X
  SRAM                  20200000   00008000  000005e5  00007a1b  RW X
  BCR_CONFIG            41c00000   00000080  00000000  00000080  R   
  BSL_CONFIG            41c00100   00000080  00000000  00000080  R   


SEGMENT ALLOCATION MAP

run origin  load origin   length   init length attrs members
----------  ----------- ---------- ----------- ----- -------
00000000    00000000    00001ab0   00001ab0    r-x
  00000000    00000000    000000c0   000000c0    r-- .intvecs
  000000c0    000000c0    00001550   00001550    r-x .text
  00001610    00001610    00000470   00000470    r-- .rodata
  00001a80    00001a80    00000030   00000030    r-- .cinit
20200000    20200000    000003e8   00000000    rw-
  20200000    20200000    00000200   00000000    rw- .sysmem
  20200200    20200200    000001d1   00000000    rw- .bss
  202003d4    202003d4    00000014   00000000    rw- .data
20207e00    20207e00    00000200   00000000    rw-
  20207e00    20207e00    00000200   00000000    rw- .stack


SECTION ALLOCATION MAP

 output                                  attributes/
section   page    origin      length       input sections
--------  ----  ----------  ----------   ----------------
.intvecs   0    00000000    000000c0     
                  00000000    000000c0     startup_mspm0g3507_ticlang.o (.intvecs)

.text      0    000000c0    00001550     
                  000000c0    000002fc     ECE319K_Lab2Hmain.o (.text.TIMG0_IRQHandler)
                  000003bc    000002b4     ECE319K_Lab2H.o (.text)
                  00000670    000001b4     Clock.o (.text.Clock_Init80MHz)
                  00000824    00000158     ECE319K_Lab2Hmain.o (.text.Lab2Grader)
                  0000097c    00000134     ECE319K_Lab2Hmain.o (.text.ADC_Init)
                  00000ab0    000000e8     UARTbusywait.o (.text.UART_Init)
                  00000b98    000000e4     ECE319K_Lab2Hmain.o (.text.main)
                  00000c7c    000000d0     Dump.o (.text.Debug_Duty)
                  00000d4c    000000ac     Dump.o (.text.Debug_Period)
                  00000df8    000000a8     Timer.o (.text.TimerG7_IntArm)
                  00000ea0    000000a4     ECE319K_Lab2Hmain.o (.text.CheckInit)
                  00000f44    000000a4     Timer.o (.text.TimerG0_IntArm)
                  00000fe8    00000008     libclang_rt.builtins.a : aeabi_memcpy.S.obj (.text.__aeabi_memcpy)
                  00000ff0    00000088     libc.a : strcmp-armv6m.S.obj (.text:strcmp)
                  00001078    0000007c     LaunchPad.o (.text.LaunchPad_Init)
                  000010f4    0000007c     libc.a : copy_decompress_lzss.c.obj (.text:decompress:lzss)
                  00001170    00000064     Dump.o (.text.Dump)
                  000011d4    00000060     Timer.o (.text.TimerG12_Init)
                  00001234    0000005c     ECE319K_Lab2Hmain.o (.text.TIMG7_IRQHandler)
                  00001290    00000050     Dump.o (.text.Debug_Dump)
                  000012e0    00000040     libclang_rt.builtins.a : aeabi_uidivmod.S.obj (.text.__aeabi_uidivmod)
                  00001320    0000003c     ECE319K_Lab2Hmain.o (.text.ShowProblem)
                  0000135c    0000003c     libc.a : autoinit.c.obj (.text:__TI_auto_init_nobinit_nopinit)
                  00001398    00000038     LaunchPad.o (.text.ActivatePortA_B)
                  000013d0    00000036     UART.o (.text.UART_OutUDec)
                  00001406    00000002     libclang_rt.builtins.a : aeabi_div0.c.obj (.text.__aeabi_idiv0)
                  00001408    00000034     ECE319K_Lab2Hmain.o (.text.EndLab2)
                  0000143c    00000034     ECE319K_Lab2Hmain.o (.text.setUpper)
                  00001470    0000002c     UARTbusywait.o (.text.UART_OutChar)
                  0000149c    00000028     ECE319K_Lab2Hmain.o (.text.ADC_Start)
                  000014c4    00000028     libc.a : boot_cortex_m.c.obj (.text:_c_int00_noargs)
                  000014ec    00000026     UART.o (.text.UART_OutString)
                  00001512    00000002     --HOLE-- [fill = 0]
                  00001514    00000020     ECE319K_Lab2Hmain.o (.text.Random32)
                  00001534    0000001c     startup_mspm0g3507_ticlang.o (.text.Default_Handler)
                  00001550    0000001c     startup_mspm0g3507_ticlang.o (.text.HardFault_Handler)
                  0000156c    00000018     ECE319K_Lab2Hmain.o (.text.Random)
                  00001584    00000016     libc.a : copy_zero_init.c.obj (.text:decompress:ZI:__TI_zero_init_nomemset)
                  0000159a    00000002     --HOLE-- [fill = 0]
                  0000159c    00000014     Dump.o (.text.Debug_Init)
                  000015b0    00000012     libc.a : memcpy16.S.obj (.text:TI_memcpy_small)
                  000015c2    00000012            : copy_decompress_none.c.obj (.text:decompress:none)
                  000015d4    00000010     Clock.o (.text.Clock_Delay)
                  000015e4    00000010     LaunchPad.o (.text.Delay)
                  000015f4    0000000c     Clock.o (.text.Clock_Freq)
                  00001600    00000004     startup_mspm0g3507_ticlang.o (.text.Reset_Handler)
                  00001604    00000004     libc.a : pre_init.c.obj (.text._system_pre_init)
                  00001608    00000004            : exit.c.obj (.text:abort)
                  0000160c    00000004     --HOLE-- [fill = 0]

.cinit     0    00001a80    00000030     
                  00001a80    0000000c     (__TI_handler_table)
                  00001a8c    0000000b     (.cinit..data.load) [load image, compression = lzss]
                  00001a97    00000001     --HOLE-- [fill = 0]
                  00001a98    00000008     (.cinit..bss.load) [load image, compression = zero_init]
                  00001aa0    00000010     (__TI_cinit_table)

.rodata    0    00001610    00000470     
                  00001610    00000140     ECE319K_Lab2Hmain.o (.rodata.StartProblem)
                  00001750    000000f0     ECE319K_Lab2Hmain.o (.rodata.LEDProblem)
                  00001840    000000d0     ECE319K_Lab2Hmain.o (.rodata.Table)
                  00001910    0000002d     ECE319K_Lab2Hmain.o (.rodata.str1.169577066232579836251)
                  0000193d    00000024     ECE319K_Lab2Hmain.o (.rodata.str1.155703307697723648131)
                  00001961    00000023     ECE319K_Lab2Hmain.o (.rodata.str1.162515654573159224661)
                  00001984    00000022     ECE319K_Lab2Hmain.o (.rodata.str1.165502521614982684671)
                  000019a6    0000001f     ECE319K_Lab2Hmain.o (.rodata.str1.174930766036349337161)
                  000019c5    0000001c     ECE319K_Lab2Hmain.o (.rodata.str1.171016965458660467751)
                  000019e1    00000014     ECE319K_Lab2Hmain.o (.rodata.str1.163032562351843159361)
                  000019f5    00000003     --HOLE-- [fill = 0]
                  000019f8    00000010     ECE319K_Lab2Hmain.o (.rodata.InMux)
                  00001a08    00000010     ECE319K_Lab2Hmain.o (.rodata.StartMask)
                  00001a18    0000000e     ECE319K_Lab2Hmain.o (.rodata.str1.79262121804255714941)
                  00001a26    0000000d     ECE319K_Lab2Hmain.o (.rodata.str1.108713378209419762111)
                  00001a33    00000001     --HOLE-- [fill = 0]
                  00001a34    0000000c     ECE319K_Lab2Hmain.o (.rodata.LEDMask)
                  00001a40    0000000c     ECE319K_Lab2Hmain.o (.rodata.OutMux)
                  00001a4c    0000000b     ECE319K_Lab2Hmain.o (.rodata.str1.166008713790688936721)
                  00001a57    0000000b     ECE319K_Lab2Hmain.o (.rodata.str1.3800786842121539981)
                  00001a62    00000009     ECE319K_Lab2Hmain.o (.rodata.str1.150866421526066405821)
                  00001a6b    00000008     ECE319K_Lab2Hmain.o (.rodata.str1.116571622258967589991)
                  00001a73    00000007     ECE319K_Lab2Hmain.o (.rodata.str1.91545133318217054921)
                  00001a7a    00000004     ECE319K_Lab2Hmain.o (.rodata.str1.84480763434980169371)
                  00001a7e    00000002     --HOLE-- [fill = 0]

.init_array 
*          0    00000000    00000000     UNINITIALIZED

.binit     0    00000000    00000000     

.sysmem    0    20200000    00000200     UNINITIALIZED
                  20200000    00000010     libc.a : memory.c.obj (.sysmem)
                  20200010    000001f0     --HOLE--

.bss       0    20200200    000001d1     UNINITIALIZED
                  20200200    000000c8     (.common:DataBuffer)
                  202002c8    000000c8     (.common:TimeBuffer)
                  20200390    00000010     (.common:Wave)
                  202003a0    00000004     (.common:DebugCnt)
                  202003a4    00000004     (.common:FirstCount)
                  202003a8    00000004     (.common:M)
                  202003ac    00000004     (.common:Period)
                  202003b0    00000004     (.common:Phase)
                  202003b4    00000004     (.common:SizeofEID)
                  202003b8    00000004     (.common:StartCount)
                  202003bc    00000004     (.common:TExaSadc)
                  202003c0    00000004     (.common:Thedutycycle)
                  202003c4    00000004     (.common:Theperiod)
                  202003c8    00000004     (.common:WaveIndex)
                  202003cc    00000004     (.common:mode)
                  202003d0    00000001     (.common:Letter)

.data      0    202003d4    00000014     UNINITIALIZED
                  202003d4    00000004     Clock.o (.data.BusFreq)
                  202003d8    00000004     ECE319K_Lab2Hmain.o (.data.Mode0)
                  202003dc    00000004     ECE319K_Lab2Hmain.o (.data.Mode1)
                  202003e0    00000004     ECE319K_Lab2Hmain.o (.data.Score)
                  202003e4    00000004     ECE319K_Lab2Hmain.o (.data.Time)

.stack     0    20207e00    00000200     UNINITIALIZED
                  20207e00    00000004     libc.a : boot_cortex_m.c.obj (.stack)
                  20207e04    000001fc     --HOLE--

__llvm_prf_cnts 
*          0    20200000    00000000     UNINITIALIZED

__llvm_prf_bits 
*          0    20200000    00000000     UNINITIALIZED

MODULE SUMMARY

       Module                         code   ro data   rw data
       ------                         ----   -------   -------
    .\
       ECE319K_Lab2Hmain.o            2160   1130      69     
       Dump.o                         580    0         412    
       ECE319K_Lab2H.o                692    0         0      
       Clock.o                        464    0         4      
       Timer.o                        428    0         0      
       UARTbusywait.o                 276    0         0      
       LaunchPad.o                    196    0         0      
       UART.o                         92     0         0      
    +--+------------------------------+------+---------+---------+
       Total:                         4888   1130      485    
                                                              
    .\ticlang\
       startup_mspm0g3507_ticlang.o   60     192       0      
    +--+------------------------------+------+---------+---------+
       Total:                         60     192       0      
                                                              
    C:\ti\ccs2000\ccs\tools\compiler\ti-cgt-armllvm_4.0.1.LTS\lib\armv6m-ti-none-eabi/c/libc.a
       strcmp-armv6m.S.obj            136    0         0      
       copy_decompress_lzss.c.obj     124    0         0      
       autoinit.c.obj                 60     0         0      
       boot_cortex_m.c.obj            40     0         0      
       copy_zero_init.c.obj           22     0         0      
       copy_decompress_none.c.obj     18     0         0      
       memcpy16.S.obj                 18     0         0      
       exit.c.obj                     4      0         0      
       pre_init.c.obj                 4      0         0      
    +--+------------------------------+------+---------+---------+
       Total:                         426    0         0      
                                                              
    C:\ti\ccs2000\ccs\tools\compiler\ti-cgt-armllvm_4.0.1.LTS\lib\armv6m-ti-none-eabi/libclang_rt.builtins.a
       aeabi_uidivmod.S.obj           64     0         0      
       aeabi_memcpy.S.obj             8      0         0      
       aeabi_div0.c.obj               2      0         0      
    +--+------------------------------+------+---------+---------+
       Total:                         74     0         0      
                                                              
       Heap:                          0      0         512    
       Stack:                         0      0         512    
       Linker Generated:              0      47        0      
    +--+------------------------------+------+---------+---------+
       Grand Total:                   5448   1369      1509   


LINKER GENERATED COPY TABLES

__TI_cinit_table @ 00001aa0 records: 2, size/record: 8, table size: 16
	.data: load addr=00001a8c, load size=0000000b bytes, run addr=202003d4, run size=00000014 bytes, compression=lzss
	.bss: load addr=00001a98, load size=00000008 bytes, run addr=20200200, run size=000001d1 bytes, compression=zero_init


LINKER GENERATED HANDLER TABLE

__TI_handler_table @ 00001a80 records: 3, size/record: 4, table size: 12
	index: 0, handler: __TI_decompress_lzss
	index: 1, handler: __TI_decompress_none
	index: 2, handler: __TI_zero_init


GLOBAL SYMBOLS: SORTED ALPHABETICALLY BY Name 

address   name                          
-------   ----                          
00001535  ADC0_IRQHandler               
00001535  ADC1_IRQHandler               
0000097d  ADC_Init                      
0000149d  ADC_Start                     
00001535  AES_IRQHandler                
00001399  ActivatePortA_B               
202003d4  BusFreq                       
00001608  C$$EXIT                       
00001535  CANFD0_IRQHandler             
00000ea1  CheckInit                     
000015d5  Clock_Delay                   
000015f5  Clock_Freq                    
00000671  Clock_Init80MHz               
00001535  DAC0_IRQHandler               
00001535  DMA_IRQHandler                
20200200  DataBuffer                    
202003a0  DebugCnt                      
00001291  Debug_Dump                    
00000c7d  Debug_Duty                    
0000159d  Debug_Init                    
00000d4d  Debug_Period                  
00001535  Default_Handler               
000015e5  Delay                         
00001171  Dump                          
000003bc  EID                           
00001409  EndLab2                       
202003a4  FirstCount                    
00001535  GROUP0_IRQHandler             
00001535  GROUP1_IRQHandler             
00001551  HardFault_Handler             
00001535  I2C0_IRQHandler               
00001535  I2C1_IRQHandler               
000019f8  InMux                         
00001a34  LEDMask                       
00001750  LEDProblem                    
000005cc  Lab2                          
00000825  Lab2Grader                    
00001079  LaunchPad_Init                
202003d0  Letter                        
202003a8  M                             
202003d8  Mode0                         
202003dc  Mode1                         
00001535  NMI_Handler                   
00001a40  OutMux                        
00001535  PendSV_Handler                
202003ac  Period                        
202003b0  Phase                         
00001535  RTC_IRQHandler                
0000156d  Random                        
00001515  Random32                      
00001601  Reset_Handler                 
00001535  SPI0_IRQHandler               
00001535  SPI1_IRQHandler               
00001535  SVC_Handler                   
202003e0  Score                         
00001321  ShowProblem                   
202003b4  SizeofEID                     
202003b8  StartCount                    
00001a08  StartMask                     
00001610  StartProblem                  
00001535  SysTick_Handler               
202003bc  TExaSadc                      
00001535  TIMA0_IRQHandler              
00001535  TIMA1_IRQHandler              
000000c1  TIMG0_IRQHandler              
00001535  TIMG12_IRQHandler             
00001535  TIMG6_IRQHandler              
00001235  TIMG7_IRQHandler              
00001535  TIMG8_IRQHandler              
000015b1  TI_memcpy_small               
00001840  Table                         
202003c0  Thedutycycle                  
202003c4  Theperiod                     
202003e4  Time                          
202002c8  TimeBuffer                    
00000f45  TimerG0_IntArm                
000011d5  TimerG12_Init                 
00000df9  TimerG7_IntArm                
00001535  UART0_IRQHandler              
00001535  UART1_IRQHandler              
00001535  UART2_IRQHandler              
00001535  UART3_IRQHandler              
00000ab1  UART_Init                     
00001471  UART_OutChar                  
000014ed  UART_OutString                
000013d1  UART_OutUDec                  
20200390  Wave                          
202003c8  WaveIndex                     
20208000  __STACK_END                   
00000200  __STACK_SIZE                  
00000200  __SYSMEM_SIZE                 
00000000  __TI_ATRegion0_region_sz      
00000000  __TI_ATRegion0_src_addr       
00000000  __TI_ATRegion0_trg_addr       
00000000  __TI_ATRegion1_region_sz      
00000000  __TI_ATRegion1_src_addr       
00000000  __TI_ATRegion1_trg_addr       
00000000  __TI_ATRegion2_region_sz      
00000000  __TI_ATRegion2_src_addr       
00000000  __TI_ATRegion2_trg_addr       
00001aa0  __TI_CINIT_Base               
00001ab0  __TI_CINIT_Limit              
00001ab0  __TI_CINIT_Warm               
00001a80  __TI_Handler_Table_Base       
00001a8c  __TI_Handler_Table_Limit      
0000135d  __TI_auto_init_nobinit_nopinit
000010f5  __TI_decompress_lzss          
000015c3  __TI_decompress_none          
ffffffff  __TI_pprof_out_hndl           
ffffffff  __TI_prof_data_size           
ffffffff  __TI_prof_data_start          
00000000  __TI_static_base__            
00001585  __TI_zero_init_nomemset       
00001407  __aeabi_idiv0                 
00000fe9  __aeabi_memcpy                
00000fe9  __aeabi_memcpy4               
00000fe9  __aeabi_memcpy8               
000012e1  __aeabi_uidiv                 
000012e1  __aeabi_uidivmod              
ffffffff  __binit__                     
UNDEFED   __mpu_init                    
20207e00  __stack                       
20200000  __start___llvm_prf_bits       
20200000  __start___llvm_prf_cnts       
20200000  __stop___llvm_prf_bits        
20200000  __stop___llvm_prf_cnts        
000014c5  _c_int00_noargs               
20200000  _sys_memory                   
UNDEFED   _system_post_cinit            
00001605  _system_pre_init              
00001609  abort                         
ffffffff  binit                         
00000000  interruptVectors              
00000b99  main                          
202003cc  mode                          
0000143d  setUpper                      
00000ff1  strcmp                        


GLOBAL SYMBOLS: SORTED BY Symbol Address 

address   name                          
-------   ----                          
00000000  __TI_ATRegion0_region_sz      
00000000  __TI_ATRegion0_src_addr       
00000000  __TI_ATRegion0_trg_addr       
00000000  __TI_ATRegion1_region_sz      
00000000  __TI_ATRegion1_src_addr       
00000000  __TI_ATRegion1_trg_addr       
00000000  __TI_ATRegion2_region_sz      
00000000  __TI_ATRegion2_src_addr       
00000000  __TI_ATRegion2_trg_addr       
00000000  __TI_static_base__            
00000000  interruptVectors              
000000c1  TIMG0_IRQHandler              
00000200  __STACK_SIZE                  
00000200  __SYSMEM_SIZE                 
000003bc  EID                           
000005cc  Lab2                          
00000671  Clock_Init80MHz               
00000825  Lab2Grader                    
0000097d  ADC_Init                      
00000ab1  UART_Init                     
00000b99  main                          
00000c7d  Debug_Duty                    
00000d4d  Debug_Period                  
00000df9  TimerG7_IntArm                
00000ea1  CheckInit                     
00000f45  TimerG0_IntArm                
00000fe9  __aeabi_memcpy                
00000fe9  __aeabi_memcpy4               
00000fe9  __aeabi_memcpy8               
00000ff1  strcmp                        
00001079  LaunchPad_Init                
000010f5  __TI_decompress_lzss          
00001171  Dump                          
000011d5  TimerG12_Init                 
00001235  TIMG7_IRQHandler              
00001291  Debug_Dump                    
000012e1  __aeabi_uidiv                 
000012e1  __aeabi_uidivmod              
00001321  ShowProblem                   
0000135d  __TI_auto_init_nobinit_nopinit
00001399  ActivatePortA_B               
000013d1  UART_OutUDec                  
00001407  __aeabi_idiv0                 
00001409  EndLab2                       
0000143d  setUpper                      
00001471  UART_OutChar                  
0000149d  ADC_Start                     
000014c5  _c_int00_noargs               
000014ed  UART_OutString                
00001515  Random32                      
00001535  ADC0_IRQHandler               
00001535  ADC1_IRQHandler               
00001535  AES_IRQHandler                
00001535  CANFD0_IRQHandler             
00001535  DAC0_IRQHandler               
00001535  DMA_IRQHandler                
00001535  Default_Handler               
00001535  GROUP0_IRQHandler             
00001535  GROUP1_IRQHandler             
00001535  I2C0_IRQHandler               
00001535  I2C1_IRQHandler               
00001535  NMI_Handler                   
00001535  PendSV_Handler                
00001535  RTC_IRQHandler                
00001535  SPI0_IRQHandler               
00001535  SPI1_IRQHandler               
00001535  SVC_Handler                   
00001535  SysTick_Handler               
00001535  TIMA0_IRQHandler              
00001535  TIMA1_IRQHandler              
00001535  TIMG12_IRQHandler             
00001535  TIMG6_IRQHandler              
00001535  TIMG8_IRQHandler              
00001535  UART0_IRQHandler              
00001535  UART1_IRQHandler              
00001535  UART2_IRQHandler              
00001535  UART3_IRQHandler              
00001551  HardFault_Handler             
0000156d  Random                        
00001585  __TI_zero_init_nomemset       
0000159d  Debug_Init                    
000015b1  TI_memcpy_small               
000015c3  __TI_decompress_none          
000015d5  Clock_Delay                   
000015e5  Delay                         
000015f5  Clock_Freq                    
00001601  Reset_Handler                 
00001605  _system_pre_init              
00001608  C$$EXIT                       
00001609  abort                         
00001610  StartProblem                  
00001750  LEDProblem                    
00001840  Table                         
000019f8  InMux                         
00001a08  StartMask                     
00001a34  LEDMask                       
00001a40  OutMux                        
00001a80  __TI_Handler_Table_Base       
00001a8c  __TI_Handler_Table_Limit      
00001aa0  __TI_CINIT_Base               
00001ab0  __TI_CINIT_Limit              
00001ab0  __TI_CINIT_Warm               
20200000  __start___llvm_prf_bits       
20200000  __start___llvm_prf_cnts       
20200000  __stop___llvm_prf_bits        
20200000  __stop___llvm_prf_cnts        
20200000  _sys_memory                   
20200200  DataBuffer                    
202002c8  TimeBuffer                    
20200390  Wave                          
202003a0  DebugCnt                      
202003a4  FirstCount                    
202003a8  M                             
202003ac  Period                        
202003b0  Phase                         
202003b4  SizeofEID                     
202003b8  StartCount                    
202003bc  TExaSadc                      
202003c0  Thedutycycle                  
202003c4  Theperiod                     
202003c8  WaveIndex                     
202003cc  mode                          
202003d0  Letter                        
202003d4  BusFreq                       
202003d8  Mode0                         
202003dc  Mode1                         
202003e0  Score                         
202003e4  Time                          
20207e00  __stack                       
20208000  __STACK_END                   
ffffffff  __TI_pprof_out_hndl           
ffffffff  __TI_prof_data_size           
ffffffff  __TI_prof_data_start          
ffffffff  __binit__                     
ffffffff  binit                         
UNDEFED   __mpu_init                    
UNDEFED   _system_post_cinit            

[137 symbols]
